[TestUnifiedFindingPresenter_CliOutput/snapshot_test_of_human-readable_output - 1]

Testing  ...

Security issues: 1

 ✗ [HIGH] High severity vulnerability
   Finding ID: SNYK-JS-VM2-5537100
   Info: https://snyk.io/vuln/SNYK-JS-VM2-5537100
   Risk Score: 780
   Reachability: Not Applicable


License issues: 1

 ✗ [MEDIUM] LGPL-3.0 license
   Finding ID: snyk:lic:npm:web3-core:LGPL-3.0
   Info: https://snyk.io/vuln/snyk:lic:npm:web3-core:LGPL-3.0
   Reachability: Not Applicable


╭─────────────────────────────────────────────────────────╮
│ Test Summary                                            │
│                                                         │
│   Organization:                                         │
│   Test type:         open-source                        │
│   Project path:                                         │
│                                                         │
│   Total security issues: 1                              │
│   Ignored: 0 [ 0 CRITICAL  0 HIGH  0 MEDIUM  0 LOW ]    │
│   Open   : 1 [ 0 CRITICAL  1 HIGH  0 MEDIUM  0 LOW ]    │
│                                                         │
│   Total license issues: 1                               │
│   Ignored: 0 [ 0 CRITICAL  0 HIGH  0 MEDIUM  0 LOW ]    │
│   Open   : 1 [ 0 CRITICAL  0 HIGH  1 MEDIUM  0 LOW ]    │
╰─────────────────────────────────────────────────────────╯
💡 Tip

   To view ignored issues, use the --include-ignores option.
                                                            

---
